2026-08-05 03:36:25.589: [INFO] CurrentProfilePath: C:\Users\saqui\Desktop\AdvanceJava\hibernateProject\demohyb\.metadata\.plugins\org.eclipse.swt\EBWebView\Default
2026-08-05 03:36:25.589: [INFO] Profiles total count: 1
2026-08-05 03:36:25.589: [INFO] Profile: name=Profile 1 path=C:\Users\saqui\Desktop\AdvanceJava\hibernateProject\demohyb\.metadata\.plugins\org.eclipse.swt\EBWebView\Default lastActive=null
2026-08-05 03:36:25.589: [INFO] LastUsedProfileDir: C:\Users\saqui\Desktop\AdvanceJava\hibernateProject\demohyb\.metadata\.plugins\org.eclipse.swt\EBWebView\Default
2026-08-05 03:36:25.589: [INFO] OnDoneLoading sync enabled: 0
2026-08-05 03:36:25.589: [INFO] BookmarkModelLoaded, ids_reassigned: 0
2026-08-05 03:36:25.589: [INFO] BookmarksLoadDropped droppedNodes=0
2026-08-05 03:36:25.589: [INFO] BookmarksSnapshot Startup total=0 bar=0 other=0 mobile=0 showBar=0 showBarNTP=1
2026-08-05 03:36:31.831: [INFO] BookmarksSnapshot Shutdown total=0 bar=0 other=0 mobile=0 showBar=0 showBarNTP=1
2026-08-05 03:36:38.147: [INFO] CurrentProfilePath: C:\Users\saqui\Desktop\AdvanceJava\hibernateProject\demohyb\.metadata\.plugins\org.eclipse.swt\EBWebView\Default
2026-08-05 03:36:38.147: [INFO] Profiles total count: 1
2026-08-05 03:36:38.147: [INFO] Profile: name=Profile 1 path=C:\Users\saqui\Desktop\AdvanceJava\hibernateProject\demohyb\.metadata\.plugins\org.eclipse.swt\EBWebView\Default lastActive=2026-08-05T03:36:26.537Z
2026-08-05 03:36:38.147: [INFO] LastUsedProfileDir: C:\Users\saqui\Desktop\AdvanceJava\hibernateProject\demohyb\.metadata\.plugins\org.eclipse.swt\EBWebView\Default
2026-08-05 03:36:38.148: [INFO] MostRecentlyActiveProfile: name=Profile 1 path=C:\Users\saqui\Desktop\AdvanceJava\hibernateProject\demohyb\.metadata\.plugins\org.eclipse.swt\EBWebView\Default lastActive=2026-08-05T03:36:26.537Z
2026-08-05 03:36:38.148: [INFO] OnDoneLoading sync enabled: 0
2026-08-05 03:36:38.148: [INFO] BookmarkModelLoaded, ids_reassigned: 0
2026-08-05 03:36:38.148: [INFO] BookmarksLoadDropped droppedNodes=0
2026-08-05 03:36:38.148: [INFO] BookmarksSnapshot Startup total=0 bar=0 other=0 mobile=0 showBar=0 showBarNTP=1
2026-08-05 04:20:53.927: [INFO] BookmarksSnapshot Shutdown total=0 bar=0 other=0 mobile=0 showBar=0 showBarNTP=1
2026-08-05 07:51:48.111: [INFO] CurrentProfilePath: C:\Users\saqui\Desktop\AdvanceJava\hibernateProject\demohyb\.metadata\.plugins\org.eclipse.swt\EBWebView\Default
2026-08-05 07:51:48.111: [INFO] Profiles total count: 1
2026-08-05 07:51:48.111: [INFO] Profile: name=Profile 1 path=C:\Users\saqui\Desktop\AdvanceJava\hibernateProject\demohyb\.metadata\.plugins\org.eclipse.swt\EBWebView\Default lastActive=2026-08-05T03:37:39.787Z
2026-08-05 07:51:48.111: [INFO] LastUsedProfileDir: C:\Users\saqui\Desktop\AdvanceJava\hibernateProject\demohyb\.metadata\.plugins\org.eclipse.swt\EBWebView\Default
2026-08-05 07:51:48.111: [INFO] MostRecentlyActiveProfile: name=Profile 1 path=C:\Users\saqui\Desktop\AdvanceJava\hibernateProject\demohyb\.metadata\.plugins\org.eclipse.swt\EBWebView\Default lastActive=2026-08-05T03:37:39.787Z
2026-08-05 07:51:48.111: [INFO] OnDoneLoading sync enabled: 0
2026-08-05 07:51:48.111: [INFO] BookmarkModelLoaded, ids_reassigned: 0
2026-08-05 07:51:48.111: [INFO] BookmarksLoadDropped droppedNodes=0
2026-08-05 07:51:48.112: [INFO] BookmarksSnapshot Startup total=0 bar=0 other=0 mobile=0 showBar=0 showBarNTP=1
2026-08-05 08:01:46.456: [INFO] BookmarksSnapshot Shutdown total=0 bar=0 other=0 mobile=0 showBar=0 showBarNTP=1
