2026-08-05 02:44:17.206: [INFO] CurrentProfilePath: C:\Users\saqui\Desktop\AdvanceJava\hibernateProject\.metadata\.plugins\org.eclipse.swt\EBWebView\Default
2026-08-05 02:44:17.206: [INFO] Profiles total count: 1
2026-08-05 02:44:17.206: [INFO] Profile: name=Profile 1 path=C:\Users\saqui\Desktop\AdvanceJava\hibernateProject\.metadata\.plugins\org.eclipse.swt\EBWebView\Default lastActive=null
2026-08-05 02:44:17.206: [INFO] LastUsedProfileDir: C:\Users\saqui\Desktop\AdvanceJava\hibernateProject\.metadata\.plugins\org.eclipse.swt\EBWebView\Default
2026-08-05 02:44:17.206: [INFO] OnDoneLoading sync enabled: 0
2026-08-05 02:44:17.206: [INFO] BookmarkModelLoaded, ids_reassigned: 0
2026-08-05 02:44:17.206: [INFO] BookmarksLoadDropped droppedNodes=0
2026-08-05 02:44:17.207: [INFO] BookmarksSnapshot Startup total=0 bar=0 other=0 mobile=0 showBar=0 showBarNTP=1
2026-08-05 02:44:22.527: [INFO] BookmarksSnapshot Shutdown total=0 bar=0 other=0 mobile=0 showBar=0 showBarNTP=1
2026-08-05 02:44:27.141: [INFO] CurrentProfilePath: C:\Users\saqui\Desktop\AdvanceJava\hibernateProject\.metadata\.plugins\org.eclipse.swt\EBWebView\Default
2026-08-05 02:44:27.142: [INFO] Profiles total count: 1
2026-08-05 02:44:27.142: [INFO] Profile: name=Profile 1 path=C:\Users\saqui\Desktop\AdvanceJava\hibernateProject\.metadata\.plugins\org.eclipse.swt\EBWebView\Default lastActive=2026-08-05T02:44:17.958Z
2026-08-05 02:44:27.142: [INFO] LastUsedProfileDir: C:\Users\saqui\Desktop\AdvanceJava\hibernateProject\.metadata\.plugins\org.eclipse.swt\EBWebView\Default
2026-08-05 02:44:27.142: [INFO] MostRecentlyActiveProfile: name=Profile 1 path=C:\Users\saqui\Desktop\AdvanceJava\hibernateProject\.metadata\.plugins\org.eclipse.swt\EBWebView\Default lastActive=2026-08-05T02:44:17.958Z
2026-08-05 02:44:27.142: [INFO] OnDoneLoading sync enabled: 0
2026-08-05 02:44:27.142: [INFO] BookmarkModelLoaded, ids_reassigned: 0
2026-08-05 02:44:27.142: [INFO] BookmarksLoadDropped droppedNodes=0
2026-08-05 02:44:27.142: [INFO] BookmarksSnapshot Startup total=0 bar=0 other=0 mobile=0 showBar=0 showBarNTP=1
2026-08-05 03:35:39.013: [INFO] BookmarksSnapshot Shutdown total=0 bar=0 other=0 mobile=0 showBar=0 showBarNTP=1
2026-08-11 10:00:28.045: [INFO] CurrentProfilePath: C:\Users\saqui\Desktop\AdvanceJava\hibernateProject\.metadata\.plugins\org.eclipse.swt\EBWebView\Default
2026-08-11 10:00:28.045: [INFO] Profiles total count: 1
2026-08-11 10:00:28.045: [INFO] Profile: name=Profile 1 path=C:\Users\saqui\Desktop\AdvanceJava\hibernateProject\.metadata\.plugins\org.eclipse.swt\EBWebView\Default lastActive=2026-08-05T02:44:29.266Z
2026-08-11 10:00:28.045: [INFO] LastUsedProfileDir: C:\Users\saqui\Desktop\AdvanceJava\hibernateProject\.metadata\.plugins\org.eclipse.swt\EBWebView\Default
2026-08-11 10:00:28.045: [INFO] MostRecentlyActiveProfile: name=Profile 1 path=C:\Users\saqui\Desktop\AdvanceJava\hibernateProject\.metadata\.plugins\org.eclipse.swt\EBWebView\Default lastActive=2026-08-05T02:44:29.266Z
2026-08-11 10:00:28.045: [INFO] OnDoneLoading sync enabled: 0
2026-08-11 10:00:28.045: [INFO] BookmarkModelLoaded, ids_reassigned: 0
2026-08-11 10:00:28.045: [INFO] BookmarksLoadDropped droppedNodes=0
2026-08-11 10:00:28.045: [INFO] BookmarksSnapshot Startup total=0 bar=0 other=0 mobile=0 showBar=0 showBarNTP=1
2026-08-12 04:17:02.639: [INFO] BookmarksSnapshot Shutdown total=0 bar=0 other=0 mobile=0 showBar=0 showBarNTP=1
2026-08-12 07:36:06.319: [INFO] CurrentProfilePath: C:\Users\saqui\Desktop\AdvanceJava\hibernateProject\.metadata\.plugins\org.eclipse.swt\EBWebView\Default
2026-08-12 07:36:06.319: [INFO] Profiles total count: 1
2026-08-12 07:36:06.319: [INFO] Profile: name=Profile 1 path=C:\Users\saqui\Desktop\AdvanceJava\hibernateProject\.metadata\.plugins\org.eclipse.swt\EBWebView\Default lastActive=2026-08-11T10:04:12.691Z
2026-08-12 07:36:06.319: [INFO] LastUsedProfileDir: C:\Users\saqui\Desktop\AdvanceJava\hibernateProject\.metadata\.plugins\org.eclipse.swt\EBWebView\Default
2026-08-12 07:36:06.319: [INFO] MostRecentlyActiveProfile: name=Profile 1 path=C:\Users\saqui\Desktop\AdvanceJava\hibernateProject\.metadata\.plugins\org.eclipse.swt\EBWebView\Default lastActive=2026-08-11T10:04:12.691Z
2026-08-12 07:36:06.320: [INFO] OnDoneLoading sync enabled: 0
2026-08-12 07:36:06.320: [INFO] BookmarkModelLoaded, ids_reassigned: 0
2026-08-12 07:36:06.320: [INFO] BookmarksLoadDropped droppedNodes=0
2026-08-12 07:36:06.320: [INFO] BookmarksSnapshot Startup total=0 bar=0 other=0 mobile=0 showBar=0 showBarNTP=1
2026-08-12 08:06:13.835: [INFO] BookmarksSnapshot Shutdown total=0 bar=0 other=0 mobile=0 showBar=0 showBarNTP=1
2026-08-12 09:47:56.512: [INFO] CurrentProfilePath: C:\Users\saqui\Desktop\AdvanceJava\hibernateProject\.metadata\.plugins\org.eclipse.swt\EBWebView\Default
2026-08-12 09:47:56.512: [INFO] Profiles total count: 1
2026-08-12 09:47:56.513: [INFO] Profile: name=Profile 1 path=C:\Users\saqui\Desktop\AdvanceJava\hibernateProject\.metadata\.plugins\org.eclipse.swt\EBWebView\Default lastActive=2026-08-12T07:43:39.539Z
2026-08-12 09:47:56.513: [INFO] LastUsedProfileDir: C:\Users\saqui\Desktop\AdvanceJava\hibernateProject\.metadata\.plugins\org.eclipse.swt\EBWebView\Default
2026-08-12 09:47:56.513: [INFO] MostRecentlyActiveProfile: name=Profile 1 path=C:\Users\saqui\Desktop\AdvanceJava\hibernateProject\.metadata\.plugins\org.eclipse.swt\EBWebView\Default lastActive=2026-08-12T07:43:39.539Z
2026-08-12 09:47:56.513: [INFO] OnDoneLoading sync enabled: 0
2026-08-12 09:47:56.513: [INFO] BookmarkModelLoaded, ids_reassigned: 0
2026-08-12 09:47:56.513: [INFO] BookmarksLoadDropped droppedNodes=0
2026-08-12 09:47:56.513: [INFO] BookmarksSnapshot Startup total=0 bar=0 other=0 mobile=0 showBar=0 showBarNTP=1
2026-08-12 11:28:39.909: [INFO] BookmarksSnapshot Shutdown total=0 bar=0 other=0 mobile=0 showBar=0 showBarNTP=1
